ffff_items\armors\data\6b23_emr_co.png
ffff_items\armors\data\pouches_rig_6sh112_co.png
ffff_items\armors\data\rig_6sh112_co.png
ffff_items\armors\data\vest_6b43_co.png
ffff_items\flags\data\textures\flag_sowjet_co.png
ffff_items\flags\data\textures\flag_usa_co.png
ffff_items\flags\data\wallflags\textures\d3af_wall_flag_co.png
ffff_items\flags\data\wallflags\textures\market_wall_flag_co.png
ffff_items\flags\data\wallflags\textures\sowjet_wall_flag_co.png
ffff_items\flags\data\wallflags\textures\usa_wall_flag_co.png
ffff_items\food\data\canned_peaches_co.png
ffff_items\food\data\deez_beans_co.png
ffff_items\food\data\sardines_co.png
ffff_items\food\data\tuna_co.png
ffff_items\patches\data\ffff_d3af_patch.png
ffff_items\patches\data\ffff_d3af_patch_camo.png
ffff_items\patches\newarmbands\data\ffff_armband_arkin_co.png
ffff_items\patches\newarmbands\data\ffff_armband_asep_co.png
ffff_items\patches\newarmbands\data\ffff_armband_bandit_co.png
ffff_items\patches\newarmbands\data\ffff_armband_boysies_co.png
ffff_items\patches\newarmbands\data\ffff_armband_boysies_nohq.png
ffff_items\patches\newarmbands\data\ffff_armband_d3af_camo_co.png
ffff_items\patches\newarmbands\data\ffff_armband_d3af_co.png
ffff_items\patches\newarmbands\data\ffff_armband_darpa_co.png
ffff_items\patches\newarmbands\data\ffff_armband_lodge_co.png
ffff_items\patches\newarmbands\data\ffff_armband_market_co.png
ffff_items\patches\newarmbands\data\ffff_armband_sowjet_co.png
ffff_items\patches\newarmbands\data\ffff_armband_templar_co.png
ffff_items\patches\newarmbands\data\ffff_armband_test_co.png
ffff_items\patches\newarmbands\data\ffff_armband_test_nohq.png
ffff_items\patches\newarmbands\data\ffff_armband_test_smdi.png
ffff_items\patches\newarmbands\data\ffff_armband_trueeye_co.png
ffff_items\patches\newarmbands\data\ffff_armband_union_co.png
ffff_items\patches\newarmbands\data\ffff_armband_un_co.png
